[smoke:modern] http://127.0.0.1:4188/
{
  "label": "modern",
  "url": "http://127.0.0.1:4188/",
  "failures": [],
  "errors": [],
  "frameTimes": [
    {
      "floor": 1,
      "avgMs": 16.7
    },
    {
      "floor": 2,
      "avgMs": 16.7
    },
    {
      "floor": 3,
      "avgMs": 16.7
    },
    {
      "floor": 4,
      "avgMs": 16.7
    },
    {
      "floor": 5,
      "avgMs": 16.7
    },
    {
      "floor": 6,
      "avgMs": 16.7
    }
  ],
  "screenshots": "/tmp/tablequest-zo-review-20260909/smoke"
}
[smoke:modern] OK
